
2026-01-14 22:58:32,609 - utilites.create_logger - INFO - Ram usage in bytes  retrieved successfully: 
 
  	 	 svmem(total=8421691392, available=1606725632, percent=80.9, used=6814965760, free=1606725632)
2026-01-14 23:02:45,718 - utilites.create_logger - ERROR -  .gitignore already exists
2026-01-14 23:02:45,719 - utilites.create_logger - ERROR -  app.py already exists
2026-01-14 23:02:45,719 - utilites.create_logger - ERROR -  requirements.txt already exists
2026-01-14 23:02:45,719 - utilites.create_logger - ERROR -  Readme.md already exists
2026-01-14 23:02:45,719 - utilites.create_logger - ERROR -  src/__init__.py already exists
2026-01-14 23:03:04,565 - utilites.create_logger - ERROR -  .gitignore already exists
2026-01-14 23:03:04,565 - utilites.create_logger - ERROR -  app.py already exists
2026-01-14 23:03:04,566 - utilites.create_logger - ERROR -  requirements.txt already exists
2026-01-14 23:03:04,566 - utilites.create_logger - ERROR -  Readme.md already exists
2026-01-14 23:03:04,567 - utilites.create_logger - ERROR -  src/__init__.py already exists
2026-01-14 23:03:04,568 - utilites.create_logger - INFO - logger created successfully
2026-01-14 23:03:04,569 - utilites.create_logger - ERROR -  src/system_health/__init__.py already exists
2026-01-14 23:03:04,569 - utilites.create_logger - ERROR -  src/system_health/cpu.py already exists
2026-01-14 23:03:04,570 - utilites.create_logger - ERROR -  src/system_health/memory.py already exists
2026-01-14 23:03:04,570 - utilites.create_logger - ERROR -  logs/app.log already exists
2026-01-14 23:03:04,571 - utilites.create_logger - ERROR -  utilites/create_logger.py already exists
2026-01-14 23:03:04,572 - utilites.create_logger - ERROR -  utilites/exception.py already exists
2026-01-14 23:03:04,573 - utilites.create_logger - ERROR -  utilites/__init__.py already exists
2026-01-14 23:04:32,569 - utilites.create_logger - ERROR -  .gitignore already exists
2026-01-14 23:04:32,570 - utilites.create_logger - ERROR -  app.py already exists
2026-01-14 23:04:32,570 - utilites.create_logger - ERROR -  requirements.txt already exists
2026-01-14 23:04:32,570 - utilites.create_logger - ERROR -  Readme.md already exists
2026-01-14 23:04:32,571 - utilites.create_logger - ERROR -  src/__init__.py already exists
2026-01-14 23:04:32,571 - utilites.create_logger - INFO - <_io.TextIOWrapper name='src/orchestrator.py' mode='w' encoding='cp1252'> created successfully
2026-01-14 23:04:32,572 - utilites.create_logger - ERROR -  src/system_health/__init__.py already exists
2026-01-14 23:04:32,572 - utilites.create_logger - ERROR -  src/system_health/cpu.py already exists
2026-01-14 23:04:32,573 - utilites.create_logger - ERROR -  src/system_health/memory.py already exists
2026-01-14 23:04:32,573 - utilites.create_logger - ERROR -  logs/app.log already exists
2026-01-14 23:04:32,573 - utilites.create_logger - ERROR -  utilites/create_logger.py already exists
2026-01-14 23:04:32,574 - utilites.create_logger - ERROR -  utilites/exception.py already exists
2026-01-14 23:04:32,574 - utilites.create_logger - ERROR -  utilites/__init__.py already exists
2026-01-14 23:04:39,298 - utilites.create_logger - ERROR -  .gitignore already exists
2026-01-14 23:04:39,298 - utilites.create_logger - ERROR -  app.py already exists
2026-01-14 23:04:39,299 - utilites.create_logger - ERROR -  requirements.txt already exists
2026-01-14 23:04:39,299 - utilites.create_logger - ERROR -  Readme.md already exists
2026-01-14 23:04:39,299 - utilites.create_logger - ERROR -  src/__init__.py already exists
2026-01-14 23:04:39,300 - utilites.create_logger - ERROR -  src/orchestrator.py already exists
2026-01-14 23:04:39,300 - utilites.create_logger - ERROR -  src/system_health/__init__.py already exists
2026-01-14 23:04:39,300 - utilites.create_logger - ERROR -  src/system_health/cpu.py already exists
2026-01-14 23:04:39,301 - utilites.create_logger - ERROR -  src/system_health/memory.py already exists
2026-01-14 23:04:39,301 - utilites.create_logger - ERROR -  logs/app.log already exists
2026-01-14 23:04:39,301 - utilites.create_logger - ERROR -  utilites/create_logger.py already exists
2026-01-14 23:04:39,302 - utilites.create_logger - ERROR -  utilites/exception.py already exists
2026-01-14 23:04:39,302 - utilites.create_logger - ERROR -  utilites/__init__.py already exists
2026-01-14 23:05:18,125 - utilites.create_logger - ERROR -  .gitignore already exists
2026-01-14 23:05:18,126 - utilites.create_logger - ERROR -  app.py already exists
2026-01-14 23:05:18,126 - utilites.create_logger - ERROR -  requirements.txt already exists
2026-01-14 23:05:18,126 - utilites.create_logger - ERROR -  Readme.md already exists
2026-01-14 23:05:18,127 - utilites.create_logger - ERROR -  src/__init__.py already exists
2026-01-14 23:05:18,127 - utilites.create_logger - INFO - <_io.TextIOWrapper name='src/orchestrator.py' mode='w' encoding='cp1252'> created successfully
2026-01-14 23:05:18,127 - utilites.create_logger - ERROR -  src/system_health/__init__.py already exists
2026-01-14 23:05:18,128 - utilites.create_logger - ERROR -  src/system_health/cpu.py already exists
2026-01-14 23:05:18,128 - utilites.create_logger - ERROR -  src/system_health/memory.py already exists
2026-01-14 23:05:18,128 - utilites.create_logger - ERROR -  logs/app.log already exists
2026-01-14 23:05:18,129 - utilites.create_logger - ERROR -  utilites/create_logger.py already exists
2026-01-14 23:05:18,129 - utilites.create_logger - ERROR -  utilites/exception.py already exists
2026-01-14 23:05:18,130 - utilites.create_logger - ERROR -  utilites/__init__.py already exists
2026-01-14 23:08:28,158 - utilites.create_logger - ERROR -  .gitignore already exists
2026-01-14 23:08:28,159 - utilites.create_logger - ERROR -  app.py already exists
2026-01-14 23:08:28,159 - utilites.create_logger - ERROR -  requirements.txt already exists
2026-01-14 23:08:28,159 - utilites.create_logger - ERROR -  Readme.md already exists
2026-01-14 23:08:28,160 - utilites.create_logger - INFO - <_io.TextIOWrapper name='src/__init__.py' mode='w' encoding='cp1252'> created successfully
2026-01-14 23:08:28,160 - utilites.create_logger - INFO - <_io.TextIOWrapper name='src/orchestrator.py' mode='w' encoding='cp1252'> created successfully
2026-01-14 23:08:28,161 - utilites.create_logger - INFO - <_io.TextIOWrapper name='src/system_health/__init__.py' mode='w' encoding='cp1252'> created successfully
2026-01-14 23:08:28,162 - utilites.create_logger - INFO - <_io.TextIOWrapper name='src/system_health/cpu.py' mode='w' encoding='cp1252'> created successfully
2026-01-14 23:08:28,163 - utilites.create_logger - INFO - <_io.TextIOWrapper name='src/system_health/memory.py' mode='w' encoding='cp1252'> created successfully
2026-01-14 23:08:28,164 - utilites.create_logger - INFO - <_io.TextIOWrapper name='src/system_health/orchestrator.py' mode='w' encoding='cp1252'> created successfully
2026-01-14 23:08:28,166 - utilites.create_logger - ERROR -  logs/app.log already exists
2026-01-14 23:08:28,167 - utilites.create_logger - ERROR -  utilites/create_logger.py already exists
2026-01-14 23:08:28,168 - utilites.create_logger - ERROR -  utilites/exception.py already exists
2026-01-14 23:08:28,170 - utilites.create_logger - ERROR -  utilites/__init__.py already exists
2026-01-15 07:17:06,347 - utilites.create_logger - INFO - CPU usage retrieved successfully: 98.6%
2026-01-15 07:17:06,348 - utilites.create_logger - INFO - CPU usage  in hours per job retrieved successfully  
: {'user': datetime.timedelta(seconds=46995), 'system': datetime.timedelta(seconds=33453, microseconds=15625), 'idle': datetime.timedelta(days=2, seconds=33556, microseconds=687500), 'interrupt': datetime.timedelta(seconds=1732, microseconds=750000), 'dpc': datetime.timedelta(seconds=10362, microseconds=125000)}
2026-01-15 07:17:06,348 - utilites.create_logger - INFO - CPU usage  in hours per job retrieved successfully  
: {'user': datetime.timedelta(seconds=46995), 'system': datetime.timedelta(seconds=33453, microseconds=15625), 'idle': datetime.timedelta(days=2, seconds=33556, microseconds=687500), 'interrupt': datetime.timedelta(seconds=1732, microseconds=750000), 'dpc': datetime.timedelta(seconds=10362, microseconds=125000)}
2026-01-15 07:19:01,896 - utilites.create_logger - INFO - Memory usage retrieved successfully: svmem(total=8421691392, available=1291378688, percent=84.7, used=7130312704, free=1291378688)
2026-01-15 07:19:28,659 - utilites.create_logger - INFO - Memory usage retrieved successfully: svmem(total=8421691392, available=1112932352, percent=86.8, used=7308759040, free=1112932352)
2026-01-15 07:19:49,789 - utilites.create_logger - INFO - Memory usage retrieved successfully: svmem(total=8421691392, available=1236762624, percent=85.3, used=7184928768, free=1236762624)
2026-01-15 07:20:05,714 - utilites.create_logger - INFO - Memory usage retrieved successfully: svmem(total=8421691392, available=1137889280, percent=86.5, used=7283802112, free=1137889280)
2026-01-15 07:20:45,448 - utilites.create_logger - INFO - Memory usage retrieved successfully: svmem(total=8421691392, available=1254985728, percent=85.1, used=7166705664, free=1254985728)
2026-01-15 07:22:41,687 - utilites.create_logger - INFO - Memory usage retrieved successfully: svmem(total=8421691392, available=1169002496, percent=86.1, used=7252688896, free=1169002496)
2026-01-15 07:23:38,407 - utilites.create_logger - INFO - Memory usage retrieved successfully: svmem(total=8421691392, available=1186471936, percent=85.9, used=7235219456, free=1186471936)
2026-01-15 07:24:07,390 - utilites.create_logger - INFO - Memory usage retrieved successfully: 
 	 	 	svmem(total=8421691392, available=1153683456, percent=86.3, used=7268007936, free=1153683456)
2026-01-15 07:29:13,703 - utilites.create_logger - INFO - CPU usage retrieved successfully: 43.5%
2026-01-15 07:29:13,703 - utilites.create_logger - INFO - CPU usage retrieved successfully: 43.5%
2026-01-15 07:29:13,705 - utilites.create_logger - INFO - CPU usage  in hours per job retrieved successfully  
: {'user': datetime.timedelta(seconds=47686, microseconds=718750), 'system': datetime.timedelta(seconds=33983, microseconds=250000), 'idle': datetime.timedelta(days=2, seconds=35244, microseconds=171875), 'interrupt': datetime.timedelta(seconds=1767, microseconds=453125), 'dpc': datetime.timedelta(seconds=10547, microseconds=687500)}
2026-01-15 07:29:13,705 - utilites.create_logger - INFO - CPU usage  in hours per job retrieved successfully  
: {'user': datetime.timedelta(seconds=47686, microseconds=718750), 'system': datetime.timedelta(seconds=33983, microseconds=250000), 'idle': datetime.timedelta(days=2, seconds=35244, microseconds=171875), 'interrupt': datetime.timedelta(seconds=1767, microseconds=453125), 'dpc': datetime.timedelta(seconds=10547, microseconds=687500)}
2026-01-15 07:29:13,705 - utilites.create_logger - INFO - CPU usage  in hours per job retrieved successfully  
: {'user': datetime.timedelta(seconds=47686, microseconds=718750), 'system': datetime.timedelta(seconds=33983, microseconds=250000), 'idle': datetime.timedelta(days=2, seconds=35244, microseconds=171875), 'interrupt': datetime.timedelta(seconds=1767, microseconds=453125), 'dpc': datetime.timedelta(seconds=10547, microseconds=687500)}
2026-01-15 07:29:13,710 - utilites.create_logger - INFO - Memory usage retrieved successfully: 
 	 	 	svmem(total=8421691392, available=1513762816, percent=82.0, used=6907928576, free=1513762816)
2026-01-15 07:29:13,710 - utilites.create_logger - INFO - Memory usage retrieved successfully: 
 	 	 	svmem(total=8421691392, available=1513762816, percent=82.0, used=6907928576, free=1513762816)
2026-01-15 07:29:13,710 - utilites.create_logger - INFO - Memory usage retrieved successfully: 
 	 	 	svmem(total=8421691392, available=1513762816, percent=82.0, used=6907928576, free=1513762816)
2026-01-15 07:29:13,710 - utilites.create_logger - INFO - Memory usage retrieved successfully: 
 	 	 	svmem(total=8421691392, available=1513762816, percent=82.0, used=6907928576, free=1513762816)
2026-01-15 07:29:13,710 - utilites.create_logger - INFO - System health check completed successfully.
2026-01-15 07:29:13,710 - utilites.create_logger - INFO - System health check completed successfully.
2026-01-15 07:29:13,710 - utilites.create_logger - INFO - System health check completed successfully.
2026-01-15 07:29:13,710 - utilites.create_logger - INFO - System health check completed successfully.
2026-01-15 07:33:10,694 - utilites.create_logger - INFO - CPU usage retrieved successfully: 22.2%
2026-01-15 07:33:10,694 - utilites.create_logger - INFO - CPU usage retrieved successfully: 22.2%
2026-01-15 07:33:10,702 - utilites.create_logger - INFO - CPU usage  in hours per job retrieved successfully  
: {'user': datetime.timedelta(seconds=47885, microseconds=625000), 'system': datetime.timedelta(seconds=34138, microseconds=812500), 'idle': datetime.timedelta(days=2, seconds=35837, microseconds=703125), 'interrupt': datetime.timedelta(seconds=1778, microseconds=390625), 'dpc': datetime.timedelta(seconds=10604, microseconds=250000)}
2026-01-15 07:33:10,702 - utilites.create_logger - INFO - CPU usage  in hours per job retrieved successfully  
: {'user': datetime.timedelta(seconds=47885, microseconds=625000), 'system': datetime.timedelta(seconds=34138, microseconds=812500), 'idle': datetime.timedelta(days=2, seconds=35837, microseconds=703125), 'interrupt': datetime.timedelta(seconds=1778, microseconds=390625), 'dpc': datetime.timedelta(seconds=10604, microseconds=250000)}
2026-01-15 07:33:10,702 - utilites.create_logger - INFO - CPU usage  in hours per job retrieved successfully  
: {'user': datetime.timedelta(seconds=47885, microseconds=625000), 'system': datetime.timedelta(seconds=34138, microseconds=812500), 'idle': datetime.timedelta(days=2, seconds=35837, microseconds=703125), 'interrupt': datetime.timedelta(seconds=1778, microseconds=390625), 'dpc': datetime.timedelta(seconds=10604, microseconds=250000)}
2026-01-15 07:33:10,712 - utilites.create_logger - INFO - Memory usage retrieved successfully: 
 	 	 	svmem(total=8421691392, available=1273266176, percent=84.9, used=7148425216, free=1273266176)
2026-01-15 07:33:10,712 - utilites.create_logger - INFO - Memory usage retrieved successfully: 
 	 	 	svmem(total=8421691392, available=1273266176, percent=84.9, used=7148425216, free=1273266176)
2026-01-15 07:33:10,712 - utilites.create_logger - INFO - Memory usage retrieved successfully: 
 	 	 	svmem(total=8421691392, available=1273266176, percent=84.9, used=7148425216, free=1273266176)
2026-01-15 07:33:10,712 - utilites.create_logger - INFO - Memory usage retrieved successfully: 
 	 	 	svmem(total=8421691392, available=1273266176, percent=84.9, used=7148425216, free=1273266176)
2026-01-15 07:33:10,715 - utilites.create_logger - INFO - System health check completed successfully.
2026-01-15 07:33:10,715 - utilites.create_logger - INFO - System health check completed successfully.
2026-01-15 07:33:10,715 - utilites.create_logger - INFO - System health check completed successfully.
2026-01-15 07:33:10,715 - utilites.create_logger - INFO - System health check completed successfully.
2026-01-15 07:33:40,099 - utilites.create_logger - INFO - CPU usage retrieved successfully: 22.9%
2026-01-15 07:33:40,099 - utilites.create_logger - INFO - CPU usage retrieved successfully: 22.9%
2026-01-15 07:33:40,101 - utilites.create_logger - INFO - CPU usage  in hours per job retrieved successfully  
: {'user': datetime.timedelta(seconds=47912, microseconds=187500), 'system': datetime.timedelta(seconds=34158, microseconds=750000), 'idle': datetime.timedelta(days=2, seconds=35908, microseconds=765625), 'interrupt': datetime.timedelta(seconds=1779, microseconds=828125), 'dpc': datetime.timedelta(seconds=10611, microseconds=421875)}
2026-01-15 07:33:40,101 - utilites.create_logger - INFO - CPU usage  in hours per job retrieved successfully  
: {'user': datetime.timedelta(seconds=47912, microseconds=187500), 'system': datetime.timedelta(seconds=34158, microseconds=750000), 'idle': datetime.timedelta(days=2, seconds=35908, microseconds=765625), 'interrupt': datetime.timedelta(seconds=1779, microseconds=828125), 'dpc': datetime.timedelta(seconds=10611, microseconds=421875)}
2026-01-15 07:33:40,101 - utilites.create_logger - INFO - CPU usage  in hours per job retrieved successfully  
: {'user': datetime.timedelta(seconds=47912, microseconds=187500), 'system': datetime.timedelta(seconds=34158, microseconds=750000), 'idle': datetime.timedelta(days=2, seconds=35908, microseconds=765625), 'interrupt': datetime.timedelta(seconds=1779, microseconds=828125), 'dpc': datetime.timedelta(seconds=10611, microseconds=421875)}
2026-01-15 07:33:40,107 - utilites.create_logger - INFO - Memory usage retrieved successfully: 
 	 	 	svmem(total=8421691392, available=1221210112, percent=85.5, used=7200481280, free=1221210112)
2026-01-15 07:33:40,107 - utilites.create_logger - INFO - Memory usage retrieved successfully: 
 	 	 	svmem(total=8421691392, available=1221210112, percent=85.5, used=7200481280, free=1221210112)
2026-01-15 07:33:40,107 - utilites.create_logger - INFO - Memory usage retrieved successfully: 
 	 	 	svmem(total=8421691392, available=1221210112, percent=85.5, used=7200481280, free=1221210112)
2026-01-15 07:33:40,107 - utilites.create_logger - INFO - Memory usage retrieved successfully: 
 	 	 	svmem(total=8421691392, available=1221210112, percent=85.5, used=7200481280, free=1221210112)
2026-01-15 07:33:40,107 - utilites.create_logger - INFO - System health check completed successfully.
2026-01-15 07:33:40,107 - utilites.create_logger - INFO - System health check completed successfully.
2026-01-15 07:33:40,107 - utilites.create_logger - INFO - System health check completed successfully.
2026-01-15 07:33:40,107 - utilites.create_logger - INFO - System health check completed successfully.
2026-01-15 07:33:40,107 - utilites.create_logger - INFO - System Health Details: {'cpu_usage': 22.9, 'cpu_usage_per_job': {'user': datetime.timedelta(seconds=47912, microseconds=187500), 'system': datetime.timedelta(seconds=34158, microseconds=750000), 'idle': datetime.timedelta(days=2, seconds=35908, microseconds=765625), 'interrupt': datetime.timedelta(seconds=1779, microseconds=828125), 'dpc': datetime.timedelta(seconds=10611, microseconds=421875)}, 'total': 8421691392, 'available': 1221210112, 'percent': 85.5, 'used': 7200481280, 'free': 1221210112}
2026-01-15 07:33:40,107 - utilites.create_logger - INFO - System Health Details: {'cpu_usage': 22.9, 'cpu_usage_per_job': {'user': datetime.timedelta(seconds=47912, microseconds=187500), 'system': datetime.timedelta(seconds=34158, microseconds=750000), 'idle': datetime.timedelta(days=2, seconds=35908, microseconds=765625), 'interrupt': datetime.timedelta(seconds=1779, microseconds=828125), 'dpc': datetime.timedelta(seconds=10611, microseconds=421875)}, 'total': 8421691392, 'available': 1221210112, 'percent': 85.5, 'used': 7200481280, 'free': 1221210112}
2026-01-15 07:33:40,107 - utilites.create_logger - INFO - System Health Details: {'cpu_usage': 22.9, 'cpu_usage_per_job': {'user': datetime.timedelta(seconds=47912, microseconds=187500), 'system': datetime.timedelta(seconds=34158, microseconds=750000), 'idle': datetime.timedelta(days=2, seconds=35908, microseconds=765625), 'interrupt': datetime.timedelta(seconds=1779, microseconds=828125), 'dpc': datetime.timedelta(seconds=10611, microseconds=421875)}, 'total': 8421691392, 'available': 1221210112, 'percent': 85.5, 'used': 7200481280, 'free': 1221210112}
2026-01-15 07:33:40,107 - utilites.create_logger - INFO - System Health Details: {'cpu_usage': 22.9, 'cpu_usage_per_job': {'user': datetime.timedelta(seconds=47912, microseconds=187500), 'system': datetime.timedelta(seconds=34158, microseconds=750000), 'idle': datetime.timedelta(days=2, seconds=35908, microseconds=765625), 'interrupt': datetime.timedelta(seconds=1779, microseconds=828125), 'dpc': datetime.timedelta(seconds=10611, microseconds=421875)}, 'total': 8421691392, 'available': 1221210112, 'percent': 85.5, 'used': 7200481280, 'free': 1221210112}
2026-01-15 07:38:07,865 - utilites.create_logger - INFO - CPU usage retrieved successfully: 19.1%
2026-01-15 07:38:07,865 - utilites.create_logger - INFO - CPU usage retrieved successfully: 19.1%
2026-01-15 07:38:07,867 - utilites.create_logger - INFO - CPU usage  in hours per job retrieved successfully  
: {'user': datetime.timedelta(seconds=48193, microseconds=62500), 'system': datetime.timedelta(seconds=34352, microseconds=593750), 'idle': datetime.timedelta(days=2, seconds=36505, microseconds=109375), 'interrupt': datetime.timedelta(seconds=1789, microseconds=984375), 'dpc': datetime.timedelta(seconds=10676, microseconds=468750)}
2026-01-15 07:38:07,867 - utilites.create_logger - INFO - CPU usage  in hours per job retrieved successfully  
: {'user': datetime.timedelta(seconds=48193, microseconds=62500), 'system': datetime.timedelta(seconds=34352, microseconds=593750), 'idle': datetime.timedelta(days=2, seconds=36505, microseconds=109375), 'interrupt': datetime.timedelta(seconds=1789, microseconds=984375), 'dpc': datetime.timedelta(seconds=10676, microseconds=468750)}
2026-01-15 07:38:07,867 - utilites.create_logger - INFO - CPU usage  in hours per job retrieved successfully  
: {'user': datetime.timedelta(seconds=48193, microseconds=62500), 'system': datetime.timedelta(seconds=34352, microseconds=593750), 'idle': datetime.timedelta(days=2, seconds=36505, microseconds=109375), 'interrupt': datetime.timedelta(seconds=1789, microseconds=984375), 'dpc': datetime.timedelta(seconds=10676, microseconds=468750)}
2026-01-15 07:38:07,876 - utilites.create_logger - INFO - Memory usage retrieved successfully: 
 	 	 	svmem(total=8421691392, available=1054240768, percent=87.5, used=7367450624, free=1054240768)
2026-01-15 07:38:07,876 - utilites.create_logger - INFO - Memory usage retrieved successfully: 
 	 	 	svmem(total=8421691392, available=1054240768, percent=87.5, used=7367450624, free=1054240768)
2026-01-15 07:38:07,876 - utilites.create_logger - INFO - Memory usage retrieved successfully: 
 	 	 	svmem(total=8421691392, available=1054240768, percent=87.5, used=7367450624, free=1054240768)
2026-01-15 07:38:07,876 - utilites.create_logger - INFO - Memory usage retrieved successfully: 
 	 	 	svmem(total=8421691392, available=1054240768, percent=87.5, used=7367450624, free=1054240768)
2026-01-15 07:38:07,877 - utilites.create_logger - INFO - System health check completed successfully.
2026-01-15 07:38:07,877 - utilites.create_logger - INFO - System health check completed successfully.
2026-01-15 07:38:07,877 - utilites.create_logger - INFO - System health check completed successfully.
2026-01-15 07:38:07,877 - utilites.create_logger - INFO - System health check completed successfully.
2026-01-15 07:38:07,877 - utilites.create_logger - INFO - System Health Details: {'cpu_usage': 19.1, 'cpu_usage_per_job': {'user': datetime.timedelta(seconds=48193, microseconds=62500), 'system': datetime.timedelta(seconds=34352, microseconds=593750), 'idle': datetime.timedelta(days=2, seconds=36505, microseconds=109375), 'interrupt': datetime.timedelta(seconds=1789, microseconds=984375), 'dpc': datetime.timedelta(seconds=10676, microseconds=468750)}, 'total_memory_bytes': 8421691392, 'available_memory_bytes': 1054240768, 'percentage_memory_used': 87.5, 'used_memory_bytes': 7367450624, 'free_memory_bytes': 1054240768}
2026-01-15 07:38:07,877 - utilites.create_logger - INFO - System Health Details: {'cpu_usage': 19.1, 'cpu_usage_per_job': {'user': datetime.timedelta(seconds=48193, microseconds=62500), 'system': datetime.timedelta(seconds=34352, microseconds=593750), 'idle': datetime.timedelta(days=2, seconds=36505, microseconds=109375), 'interrupt': datetime.timedelta(seconds=1789, microseconds=984375), 'dpc': datetime.timedelta(seconds=10676, microseconds=468750)}, 'total_memory_bytes': 8421691392, 'available_memory_bytes': 1054240768, 'percentage_memory_used': 87.5, 'used_memory_bytes': 7367450624, 'free_memory_bytes': 1054240768}
2026-01-15 07:38:07,877 - utilites.create_logger - INFO - System Health Details: {'cpu_usage': 19.1, 'cpu_usage_per_job': {'user': datetime.timedelta(seconds=48193, microseconds=62500), 'system': datetime.timedelta(seconds=34352, microseconds=593750), 'idle': datetime.timedelta(days=2, seconds=36505, microseconds=109375), 'interrupt': datetime.timedelta(seconds=1789, microseconds=984375), 'dpc': datetime.timedelta(seconds=10676, microseconds=468750)}, 'total_memory_bytes': 8421691392, 'available_memory_bytes': 1054240768, 'percentage_memory_used': 87.5, 'used_memory_bytes': 7367450624, 'free_memory_bytes': 1054240768}
2026-01-15 07:38:07,877 - utilites.create_logger - INFO - System Health Details: {'cpu_usage': 19.1, 'cpu_usage_per_job': {'user': datetime.timedelta(seconds=48193, microseconds=62500), 'system': datetime.timedelta(seconds=34352, microseconds=593750), 'idle': datetime.timedelta(days=2, seconds=36505, microseconds=109375), 'interrupt': datetime.timedelta(seconds=1789, microseconds=984375), 'dpc': datetime.timedelta(seconds=10676, microseconds=468750)}, 'total_memory_bytes': 8421691392, 'available_memory_bytes': 1054240768, 'percentage_memory_used': 87.5, 'used_memory_bytes': 7367450624, 'free_memory_bytes': 1054240768}
2026-01-15 07:39:06,784 - utilites.create_logger - INFO - CPU usage retrieved successfully: 13.7%
2026-01-15 07:39:06,784 - utilites.create_logger - INFO - CPU usage retrieved successfully: 13.7%
2026-01-15 07:39:06,787 - utilites.create_logger - INFO - CPU usage  in hours per job retrieved successfully  
: {'user': datetime.timedelta(seconds=48258, microseconds=687500), 'system': datetime.timedelta(seconds=34393, microseconds=265625), 'idle': datetime.timedelta(days=2, seconds=36634, microseconds=500000), 'interrupt': datetime.timedelta(seconds=1792, microseconds=828125), 'dpc': datetime.timedelta(seconds=10690, microseconds=46875)}
2026-01-15 07:39:06,787 - utilites.create_logger - INFO - CPU usage  in hours per job retrieved successfully  
: {'user': datetime.timedelta(seconds=48258, microseconds=687500), 'system': datetime.timedelta(seconds=34393, microseconds=265625), 'idle': datetime.timedelta(days=2, seconds=36634, microseconds=500000), 'interrupt': datetime.timedelta(seconds=1792, microseconds=828125), 'dpc': datetime.timedelta(seconds=10690, microseconds=46875)}
2026-01-15 07:39:06,787 - utilites.create_logger - INFO - CPU usage  in hours per job retrieved successfully  
: {'user': datetime.timedelta(seconds=48258, microseconds=687500), 'system': datetime.timedelta(seconds=34393, microseconds=265625), 'idle': datetime.timedelta(days=2, seconds=36634, microseconds=500000), 'interrupt': datetime.timedelta(seconds=1792, microseconds=828125), 'dpc': datetime.timedelta(seconds=10690, microseconds=46875)}
2026-01-15 07:39:06,797 - utilites.create_logger - INFO - Memory usage retrieved successfully: 
 	 	 	svmem(total=8421691392, available=1152503808, percent=86.3, used=7269187584, free=1152503808)
2026-01-15 07:39:06,797 - utilites.create_logger - INFO - Memory usage retrieved successfully: 
 	 	 	svmem(total=8421691392, available=1152503808, percent=86.3, used=7269187584, free=1152503808)
2026-01-15 07:39:06,797 - utilites.create_logger - INFO - Memory usage retrieved successfully: 
 	 	 	svmem(total=8421691392, available=1152503808, percent=86.3, used=7269187584, free=1152503808)
2026-01-15 07:39:06,797 - utilites.create_logger - INFO - Memory usage retrieved successfully: 
 	 	 	svmem(total=8421691392, available=1152503808, percent=86.3, used=7269187584, free=1152503808)
2026-01-15 07:39:06,798 - utilites.create_logger - INFO - System health check completed successfully.
2026-01-15 07:39:06,798 - utilites.create_logger - INFO - System health check completed successfully.
2026-01-15 07:39:06,798 - utilites.create_logger - INFO - System health check completed successfully.
2026-01-15 07:39:06,798 - utilites.create_logger - INFO - System health check completed successfully.
2026-01-15 07:39:06,799 - utilites.create_logger - INFO - System Health Details: {'cpu_usage': 13.7, 'cpu_usage_per_job': {'user': datetime.timedelta(seconds=48258, microseconds=687500), 'system': datetime.timedelta(seconds=34393, microseconds=265625), 'idle': datetime.timedelta(days=2, seconds=36634, microseconds=500000), 'interrupt': datetime.timedelta(seconds=1792, microseconds=828125), 'dpc': datetime.timedelta(seconds=10690, microseconds=46875)}, 'total_memory_bytes': 8421691392, 'available_memory_bytes': 1152503808, 'percentage_memory_used': 86.3, 'used_memory_bytes': 7269187584, 'free_memory_bytes': 1152503808}
2026-01-15 07:39:06,799 - utilites.create_logger - INFO - System Health Details: {'cpu_usage': 13.7, 'cpu_usage_per_job': {'user': datetime.timedelta(seconds=48258, microseconds=687500), 'system': datetime.timedelta(seconds=34393, microseconds=265625), 'idle': datetime.timedelta(days=2, seconds=36634, microseconds=500000), 'interrupt': datetime.timedelta(seconds=1792, microseconds=828125), 'dpc': datetime.timedelta(seconds=10690, microseconds=46875)}, 'total_memory_bytes': 8421691392, 'available_memory_bytes': 1152503808, 'percentage_memory_used': 86.3, 'used_memory_bytes': 7269187584, 'free_memory_bytes': 1152503808}
2026-01-15 07:39:06,799 - utilites.create_logger - INFO - System Health Details: {'cpu_usage': 13.7, 'cpu_usage_per_job': {'user': datetime.timedelta(seconds=48258, microseconds=687500), 'system': datetime.timedelta(seconds=34393, microseconds=265625), 'idle': datetime.timedelta(days=2, seconds=36634, microseconds=500000), 'interrupt': datetime.timedelta(seconds=1792, microseconds=828125), 'dpc': datetime.timedelta(seconds=10690, microseconds=46875)}, 'total_memory_bytes': 8421691392, 'available_memory_bytes': 1152503808, 'percentage_memory_used': 86.3, 'used_memory_bytes': 7269187584, 'free_memory_bytes': 1152503808}
2026-01-15 07:39:06,799 - utilites.create_logger - INFO - System Health Details: {'cpu_usage': 13.7, 'cpu_usage_per_job': {'user': datetime.timedelta(seconds=48258, microseconds=687500), 'system': datetime.timedelta(seconds=34393, microseconds=265625), 'idle': datetime.timedelta(days=2, seconds=36634, microseconds=500000), 'interrupt': datetime.timedelta(seconds=1792, microseconds=828125), 'dpc': datetime.timedelta(seconds=10690, microseconds=46875)}, 'total_memory_bytes': 8421691392, 'available_memory_bytes': 1152503808, 'percentage_memory_used': 86.3, 'used_memory_bytes': 7269187584, 'free_memory_bytes': 1152503808}
2026-01-15 07:39:28,674 - utilites.create_logger - INFO - CPU usage retrieved successfully: 36.7%
2026-01-15 07:39:28,674 - utilites.create_logger - INFO - CPU usage retrieved successfully: 36.7%
2026-01-15 07:39:28,675 - utilites.create_logger - INFO - CPU usage  in hours per job retrieved successfully  
: {'user': datetime.timedelta(seconds=48282, microseconds=109375), 'system': datetime.timedelta(seconds=34409, microseconds=515625), 'idle': datetime.timedelta(days=2, seconds=36682, microseconds=390625), 'interrupt': datetime.timedelta(seconds=1793, microseconds=796875), 'dpc': datetime.timedelta(seconds=10695, microseconds=921875)}
2026-01-15 07:39:28,675 - utilites.create_logger - INFO - CPU usage  in hours per job retrieved successfully  
: {'user': datetime.timedelta(seconds=48282, microseconds=109375), 'system': datetime.timedelta(seconds=34409, microseconds=515625), 'idle': datetime.timedelta(days=2, seconds=36682, microseconds=390625), 'interrupt': datetime.timedelta(seconds=1793, microseconds=796875), 'dpc': datetime.timedelta(seconds=10695, microseconds=921875)}
2026-01-15 07:39:28,675 - utilites.create_logger - INFO - CPU usage  in hours per job retrieved successfully  
: {'user': datetime.timedelta(seconds=48282, microseconds=109375), 'system': datetime.timedelta(seconds=34409, microseconds=515625), 'idle': datetime.timedelta(days=2, seconds=36682, microseconds=390625), 'interrupt': datetime.timedelta(seconds=1793, microseconds=796875), 'dpc': datetime.timedelta(seconds=10695, microseconds=921875)}
2026-01-15 07:39:28,684 - utilites.create_logger - INFO - Memory usage retrieved successfully: 
 	 	 	svmem(total=8421691392, available=1095118848, percent=87.0, used=7326572544, free=1095118848)
2026-01-15 07:39:28,684 - utilites.create_logger - INFO - Memory usage retrieved successfully: 
 	 	 	svmem(total=8421691392, available=1095118848, percent=87.0, used=7326572544, free=1095118848)
2026-01-15 07:39:28,684 - utilites.create_logger - INFO - Memory usage retrieved successfully: 
 	 	 	svmem(total=8421691392, available=1095118848, percent=87.0, used=7326572544, free=1095118848)
2026-01-15 07:39:28,684 - utilites.create_logger - INFO - Memory usage retrieved successfully: 
 	 	 	svmem(total=8421691392, available=1095118848, percent=87.0, used=7326572544, free=1095118848)
2026-01-15 07:39:28,685 - utilites.create_logger - INFO - System health check completed successfully.
2026-01-15 07:39:28,685 - utilites.create_logger - INFO - System health check completed successfully.
2026-01-15 07:39:28,685 - utilites.create_logger - INFO - System health check completed successfully.
2026-01-15 07:39:28,685 - utilites.create_logger - INFO - System health check completed successfully.
2026-01-15 07:39:28,685 - utilites.create_logger - INFO - System Health Details: {'cpu_usage': 36.7, 'cpu_usage_per_job': {'user': datetime.timedelta(seconds=48282, microseconds=109375), 'system': datetime.timedelta(seconds=34409, microseconds=515625), 'idle': datetime.timedelta(days=2, seconds=36682, microseconds=390625), 'interrupt': datetime.timedelta(seconds=1793, microseconds=796875), 'dpc': datetime.timedelta(seconds=10695, microseconds=921875)}, 'total_memory_bytes': 8421691392, 'available_memory_bytes': 1095118848, 'percentage_memory_used': 87.0, 'used_memory_bytes': 7326572544, 'free_memory_bytes': 1095118848}
2026-01-15 07:39:28,685 - utilites.create_logger - INFO - System Health Details: {'cpu_usage': 36.7, 'cpu_usage_per_job': {'user': datetime.timedelta(seconds=48282, microseconds=109375), 'system': datetime.timedelta(seconds=34409, microseconds=515625), 'idle': datetime.timedelta(days=2, seconds=36682, microseconds=390625), 'interrupt': datetime.timedelta(seconds=1793, microseconds=796875), 'dpc': datetime.timedelta(seconds=10695, microseconds=921875)}, 'total_memory_bytes': 8421691392, 'available_memory_bytes': 1095118848, 'percentage_memory_used': 87.0, 'used_memory_bytes': 7326572544, 'free_memory_bytes': 1095118848}
2026-01-15 07:39:28,685 - utilites.create_logger - INFO - System Health Details: {'cpu_usage': 36.7, 'cpu_usage_per_job': {'user': datetime.timedelta(seconds=48282, microseconds=109375), 'system': datetime.timedelta(seconds=34409, microseconds=515625), 'idle': datetime.timedelta(days=2, seconds=36682, microseconds=390625), 'interrupt': datetime.timedelta(seconds=1793, microseconds=796875), 'dpc': datetime.timedelta(seconds=10695, microseconds=921875)}, 'total_memory_bytes': 8421691392, 'available_memory_bytes': 1095118848, 'percentage_memory_used': 87.0, 'used_memory_bytes': 7326572544, 'free_memory_bytes': 1095118848}
2026-01-15 07:39:28,685 - utilites.create_logger - INFO - System Health Details: {'cpu_usage': 36.7, 'cpu_usage_per_job': {'user': datetime.timedelta(seconds=48282, microseconds=109375), 'system': datetime.timedelta(seconds=34409, microseconds=515625), 'idle': datetime.timedelta(days=2, seconds=36682, microseconds=390625), 'interrupt': datetime.timedelta(seconds=1793, microseconds=796875), 'dpc': datetime.timedelta(seconds=10695, microseconds=921875)}, 'total_memory_bytes': 8421691392, 'available_memory_bytes': 1095118848, 'percentage_memory_used': 87.0, 'used_memory_bytes': 7326572544, 'free_memory_bytes': 1095118848}
2026-01-15 07:39:48,294 - utilites.create_logger - INFO - Memory usage retrieved successfully: 
 	 	 	svmem(total=8421691392, available=1229066240, percent=85.4, used=7192625152, free=1229066240)
2026-01-15 07:44:26,792 - utilites.create_logger - INFO - CPU usage retrieved successfully: 51.7%
2026-01-15 07:44:26,794 - utilites.create_logger - INFO - CPU usage  in hours per job retrieved successfully  
: {'user': datetime.timedelta(seconds=48515, microseconds=31250), 'system': datetime.timedelta(seconds=34639, microseconds=515625), 'idle': datetime.timedelta(days=2, seconds=37411, microseconds=968750), 'interrupt': datetime.timedelta(seconds=1807, microseconds=203125), 'dpc': datetime.timedelta(seconds=10774, microseconds=171875)}
2026-01-15 07:44:26,794 - utilites.create_logger - INFO - CPU usage  in hours per job retrieved successfully  
: {'user': datetime.timedelta(seconds=48515, microseconds=31250), 'system': datetime.timedelta(seconds=34639, microseconds=515625), 'idle': datetime.timedelta(days=2, seconds=37411, microseconds=968750), 'interrupt': datetime.timedelta(seconds=1807, microseconds=203125), 'dpc': datetime.timedelta(seconds=10774, microseconds=171875)}
2026-01-15 07:47:46,867 - utilites.create_logger - INFO - CPU usage retrieved successfully: 18.9%
2026-01-15 07:47:46,868 - utilites.create_logger - INFO - CPU usage  in hours per job retrieved successfully  
: {'interrupt': datetime.timedelta(seconds=1815, microseconds=796875), 'dpc': datetime.timedelta(seconds=10821, microseconds=984375), 'cpu_user_applications': datetime.timedelta(seconds=48719, microseconds=375000), 'cpu_system_applications': datetime.timedelta(seconds=34783, microseconds=468750), 'cpu_idle': datetime.timedelta(days=2, seconds=37863, microseconds=921875)}
2026-01-15 07:47:46,868 - utilites.create_logger - INFO - CPU usage  in hours per job retrieved successfully  
: {'interrupt': datetime.timedelta(seconds=1815, microseconds=796875), 'dpc': datetime.timedelta(seconds=10821, microseconds=984375), 'cpu_user_applications': datetime.timedelta(seconds=48719, microseconds=375000), 'cpu_system_applications': datetime.timedelta(seconds=34783, microseconds=468750), 'cpu_idle': datetime.timedelta(days=2, seconds=37863, microseconds=921875)}
2026-01-15 07:48:30,379 - utilites.create_logger - INFO - CPU usage retrieved successfully: 19.1%
2026-01-15 07:48:30,382 - utilites.create_logger - INFO - CPU usage  in hours per job retrieved successfully  
: {'interrupt': datetime.timedelta(seconds=1817, microseconds=750000), 'dpc': datetime.timedelta(seconds=10830, microseconds=390625), 'cpu_user_applications': datetime.timedelta(seconds=48750, microseconds=125000), 'cpu_system_applications': datetime.timedelta(seconds=34808, microseconds=46875), 'cpu_idle': datetime.timedelta(days=2, seconds=37982, microseconds=656250)}
2026-01-15 07:48:30,382 - utilites.create_logger - INFO - CPU usage  in hours per job retrieved successfully  
: {'interrupt': datetime.timedelta(seconds=1817, microseconds=750000), 'dpc': datetime.timedelta(seconds=10830, microseconds=390625), 'cpu_user_applications': datetime.timedelta(seconds=48750, microseconds=125000), 'cpu_system_applications': datetime.timedelta(seconds=34808, microseconds=46875), 'cpu_idle': datetime.timedelta(days=2, seconds=37982, microseconds=656250)}
2026-01-15 07:49:54,762 - utilites.create_logger - INFO - CPU usage retrieved successfully: 25.7%
2026-01-15 07:49:54,764 - utilites.create_logger - INFO - CPU usage  in hours per job retrieved successfully  
: {'interrupt': datetime.timedelta(seconds=1821, microseconds=546875), 'dpc': datetime.timedelta(seconds=10848, microseconds=671875), 'cpu_user_applications': datetime.timedelta(seconds=48819, microseconds=171875), 'cpu_system_applications': datetime.timedelta(seconds=34867, microseconds=250000), 'cpu_idle': datetime.timedelta(days=2, seconds=38191, microseconds=953125)}
2026-01-15 07:49:54,764 - utilites.create_logger - INFO - CPU usage  in hours per job retrieved successfully  
: {'interrupt': datetime.timedelta(seconds=1821, microseconds=546875), 'dpc': datetime.timedelta(seconds=10848, microseconds=671875), 'cpu_user_applications': datetime.timedelta(seconds=48819, microseconds=171875), 'cpu_system_applications': datetime.timedelta(seconds=34867, microseconds=250000), 'cpu_idle': datetime.timedelta(days=2, seconds=38191, microseconds=953125)}
2026-01-15 07:50:02,710 - utilites.create_logger - INFO - CPU usage retrieved successfully: 23.5%
2026-01-15 07:50:02,710 - utilites.create_logger - INFO - CPU usage retrieved successfully: 23.5%
2026-01-15 07:50:02,713 - utilites.create_logger - INFO - CPU usage  in hours per job retrieved successfully  
: {'interrupt': datetime.timedelta(seconds=1821, microseconds=921875), 'dpc': datetime.timedelta(seconds=10850, microseconds=31250), 'cpu_user_applications': datetime.timedelta(seconds=48824, microseconds=78125), 'cpu_system_applications': datetime.timedelta(seconds=34871, microseconds=875000), 'cpu_idle': datetime.timedelta(days=2, seconds=38214, microseconds=187500)}
2026-01-15 07:50:02,713 - utilites.create_logger - INFO - CPU usage  in hours per job retrieved successfully  
: {'interrupt': datetime.timedelta(seconds=1821, microseconds=921875), 'dpc': datetime.timedelta(seconds=10850, microseconds=31250), 'cpu_user_applications': datetime.timedelta(seconds=48824, microseconds=78125), 'cpu_system_applications': datetime.timedelta(seconds=34871, microseconds=875000), 'cpu_idle': datetime.timedelta(days=2, seconds=38214, microseconds=187500)}
2026-01-15 07:50:02,713 - utilites.create_logger - INFO - CPU usage  in hours per job retrieved successfully  
: {'interrupt': datetime.timedelta(seconds=1821, microseconds=921875), 'dpc': datetime.timedelta(seconds=10850, microseconds=31250), 'cpu_user_applications': datetime.timedelta(seconds=48824, microseconds=78125), 'cpu_system_applications': datetime.timedelta(seconds=34871, microseconds=875000), 'cpu_idle': datetime.timedelta(days=2, seconds=38214, microseconds=187500)}
2026-01-15 07:50:02,731 - utilites.create_logger - INFO - Memory usage retrieved successfully: 
 	 	 	svmem(total=8421691392, available=2027347968, percent=75.9, used=6394343424, free=2027347968)
2026-01-15 07:50:02,731 - utilites.create_logger - INFO - Memory usage retrieved successfully: 
 	 	 	svmem(total=8421691392, available=2027347968, percent=75.9, used=6394343424, free=2027347968)
2026-01-15 07:50:02,731 - utilites.create_logger - INFO - Memory usage retrieved successfully: 
 	 	 	svmem(total=8421691392, available=2027347968, percent=75.9, used=6394343424, free=2027347968)
2026-01-15 07:50:02,731 - utilites.create_logger - INFO - Memory usage retrieved successfully: 
 	 	 	svmem(total=8421691392, available=2027347968, percent=75.9, used=6394343424, free=2027347968)
2026-01-15 07:50:02,731 - utilites.create_logger - INFO - System health check completed successfully.
2026-01-15 07:50:02,731 - utilites.create_logger - INFO - System health check completed successfully.
2026-01-15 07:50:02,731 - utilites.create_logger - INFO - System health check completed successfully.
2026-01-15 07:50:02,731 - utilites.create_logger - INFO - System health check completed successfully.
2026-01-15 07:50:02,732 - utilites.create_logger - INFO - System Health Details: {'cpu_usage': 23.5, 'cpu_usage_per_job': {'interrupt': datetime.timedelta(seconds=1821, microseconds=921875), 'dpc': datetime.timedelta(seconds=10850, microseconds=31250), 'cpu_user_applications': datetime.timedelta(seconds=48824, microseconds=78125), 'cpu_system_applications': datetime.timedelta(seconds=34871, microseconds=875000), 'cpu_idle': datetime.timedelta(days=2, seconds=38214, microseconds=187500)}, 'total_memory_bytes': 8421691392, 'available_memory_bytes': 2027347968, 'percentage_memory_used': 75.9, 'used_memory_bytes': 6394343424, 'free_memory_bytes': 2027347968}
2026-01-15 07:50:02,732 - utilites.create_logger - INFO - System Health Details: {'cpu_usage': 23.5, 'cpu_usage_per_job': {'interrupt': datetime.timedelta(seconds=1821, microseconds=921875), 'dpc': datetime.timedelta(seconds=10850, microseconds=31250), 'cpu_user_applications': datetime.timedelta(seconds=48824, microseconds=78125), 'cpu_system_applications': datetime.timedelta(seconds=34871, microseconds=875000), 'cpu_idle': datetime.timedelta(days=2, seconds=38214, microseconds=187500)}, 'total_memory_bytes': 8421691392, 'available_memory_bytes': 2027347968, 'percentage_memory_used': 75.9, 'used_memory_bytes': 6394343424, 'free_memory_bytes': 2027347968}
2026-01-15 07:50:02,732 - utilites.create_logger - INFO - System Health Details: {'cpu_usage': 23.5, 'cpu_usage_per_job': {'interrupt': datetime.timedelta(seconds=1821, microseconds=921875), 'dpc': datetime.timedelta(seconds=10850, microseconds=31250), 'cpu_user_applications': datetime.timedelta(seconds=48824, microseconds=78125), 'cpu_system_applications': datetime.timedelta(seconds=34871, microseconds=875000), 'cpu_idle': datetime.timedelta(days=2, seconds=38214, microseconds=187500)}, 'total_memory_bytes': 8421691392, 'available_memory_bytes': 2027347968, 'percentage_memory_used': 75.9, 'used_memory_bytes': 6394343424, 'free_memory_bytes': 2027347968}
2026-01-15 07:50:02,732 - utilites.create_logger - INFO - System Health Details: {'cpu_usage': 23.5, 'cpu_usage_per_job': {'interrupt': datetime.timedelta(seconds=1821, microseconds=921875), 'dpc': datetime.timedelta(seconds=10850, microseconds=31250), 'cpu_user_applications': datetime.timedelta(seconds=48824, microseconds=78125), 'cpu_system_applications': datetime.timedelta(seconds=34871, microseconds=875000), 'cpu_idle': datetime.timedelta(days=2, seconds=38214, microseconds=187500)}, 'total_memory_bytes': 8421691392, 'available_memory_bytes': 2027347968, 'percentage_memory_used': 75.9, 'used_memory_bytes': 6394343424, 'free_memory_bytes': 2027347968}
2026-01-15 08:01:03,138 - utilites.create_logger - INFO - Starting system health check...
2026-01-15 08:01:04,143 - utilites.create_logger - INFO - CPU usage retrieved successfully: 23.9%
2026-01-15 08:01:04,143 - utilites.create_logger - INFO - CPU usage retrieved successfully: 23.9%
2026-01-15 08:01:04,143 - utilites.create_logger - INFO - CPU usage retrieved successfully: 23.9%
2026-01-15 08:01:04,146 - utilites.create_logger - INFO - CPU usage  in hours per job retrieved successfully  
: {'interrupt': datetime.timedelta(seconds=1853, microseconds=593750), 'dpc': datetime.timedelta(seconds=11010, microseconds=796875), 'cpu_user_applications': datetime.timedelta(seconds=49497, microseconds=562500), 'cpu_system_applications': datetime.timedelta(seconds=35356, microseconds=984375), 'cpu_idle': datetime.timedelta(days=2, seconds=39701, microseconds=343750)}
2026-01-15 08:01:04,146 - utilites.create_logger - INFO - CPU usage  in hours per job retrieved successfully  
: {'interrupt': datetime.timedelta(seconds=1853, microseconds=593750), 'dpc': datetime.timedelta(seconds=11010, microseconds=796875), 'cpu_user_applications': datetime.timedelta(seconds=49497, microseconds=562500), 'cpu_system_applications': datetime.timedelta(seconds=35356, microseconds=984375), 'cpu_idle': datetime.timedelta(days=2, seconds=39701, microseconds=343750)}
2026-01-15 08:01:04,146 - utilites.create_logger - INFO - CPU usage  in hours per job retrieved successfully  
: {'interrupt': datetime.timedelta(seconds=1853, microseconds=593750), 'dpc': datetime.timedelta(seconds=11010, microseconds=796875), 'cpu_user_applications': datetime.timedelta(seconds=49497, microseconds=562500), 'cpu_system_applications': datetime.timedelta(seconds=35356, microseconds=984375), 'cpu_idle': datetime.timedelta(days=2, seconds=39701, microseconds=343750)}
2026-01-15 08:01:04,146 - utilites.create_logger - INFO - CPU usage  in hours per job retrieved successfully  
: {'interrupt': datetime.timedelta(seconds=1853, microseconds=593750), 'dpc': datetime.timedelta(seconds=11010, microseconds=796875), 'cpu_user_applications': datetime.timedelta(seconds=49497, microseconds=562500), 'cpu_system_applications': datetime.timedelta(seconds=35356, microseconds=984375), 'cpu_idle': datetime.timedelta(days=2, seconds=39701, microseconds=343750)}
2026-01-15 08:01:04,155 - utilites.create_logger - INFO - Memory usage retrieved successfully: 
 	 	 	svmem(total=8421691392, available=1938132992, percent=77.0, used=6483558400, free=1938132992)
2026-01-15 08:01:04,155 - utilites.create_logger - INFO - Memory usage retrieved successfully: 
 	 	 	svmem(total=8421691392, available=1938132992, percent=77.0, used=6483558400, free=1938132992)
2026-01-15 08:01:04,155 - utilites.create_logger - INFO - Memory usage retrieved successfully: 
 	 	 	svmem(total=8421691392, available=1938132992, percent=77.0, used=6483558400, free=1938132992)
2026-01-15 08:01:04,155 - utilites.create_logger - INFO - Memory usage retrieved successfully: 
 	 	 	svmem(total=8421691392, available=1938132992, percent=77.0, used=6483558400, free=1938132992)
2026-01-15 08:01:04,155 - utilites.create_logger - INFO - Memory usage retrieved successfully: 
 	 	 	svmem(total=8421691392, available=1938132992, percent=77.0, used=6483558400, free=1938132992)
2026-01-15 08:01:04,155 - utilites.create_logger - INFO - System health check completed successfully.
2026-01-15 08:01:04,155 - utilites.create_logger - INFO - System health check completed successfully.
2026-01-15 08:01:04,155 - utilites.create_logger - INFO - System health check completed successfully.
2026-01-15 08:01:04,155 - utilites.create_logger - INFO - System health check completed successfully.
2026-01-15 08:01:04,155 - utilites.create_logger - INFO - System health check completed successfully.
2026-01-15 08:01:04,155 - utilites.create_logger - INFO - System Health Details: {'cpu_usage': 23.9, 'cpu_usage_per_job': {'interrupt': datetime.timedelta(seconds=1853, microseconds=593750), 'dpc': datetime.timedelta(seconds=11010, microseconds=796875), 'cpu_user_applications': datetime.timedelta(seconds=49497, microseconds=562500), 'cpu_system_applications': datetime.timedelta(seconds=35356, microseconds=984375), 'cpu_idle': datetime.timedelta(days=2, seconds=39701, microseconds=343750)}, 'total_memory_bytes': 8421691392, 'available_memory_bytes': 1938132992, 'percentage_memory_used': 77.0, 'used_memory_bytes': 6483558400, 'free_memory_bytes': 1938132992}
2026-01-15 08:01:04,155 - utilites.create_logger - INFO - System Health Details: {'cpu_usage': 23.9, 'cpu_usage_per_job': {'interrupt': datetime.timedelta(seconds=1853, microseconds=593750), 'dpc': datetime.timedelta(seconds=11010, microseconds=796875), 'cpu_user_applications': datetime.timedelta(seconds=49497, microseconds=562500), 'cpu_system_applications': datetime.timedelta(seconds=35356, microseconds=984375), 'cpu_idle': datetime.timedelta(days=2, seconds=39701, microseconds=343750)}, 'total_memory_bytes': 8421691392, 'available_memory_bytes': 1938132992, 'percentage_memory_used': 77.0, 'used_memory_bytes': 6483558400, 'free_memory_bytes': 1938132992}
2026-01-15 08:01:04,155 - utilites.create_logger - INFO - System Health Details: {'cpu_usage': 23.9, 'cpu_usage_per_job': {'interrupt': datetime.timedelta(seconds=1853, microseconds=593750), 'dpc': datetime.timedelta(seconds=11010, microseconds=796875), 'cpu_user_applications': datetime.timedelta(seconds=49497, microseconds=562500), 'cpu_system_applications': datetime.timedelta(seconds=35356, microseconds=984375), 'cpu_idle': datetime.timedelta(days=2, seconds=39701, microseconds=343750)}, 'total_memory_bytes': 8421691392, 'available_memory_bytes': 1938132992, 'percentage_memory_used': 77.0, 'used_memory_bytes': 6483558400, 'free_memory_bytes': 1938132992}
2026-01-15 08:01:04,155 - utilites.create_logger - INFO - System Health Details: {'cpu_usage': 23.9, 'cpu_usage_per_job': {'interrupt': datetime.timedelta(seconds=1853, microseconds=593750), 'dpc': datetime.timedelta(seconds=11010, microseconds=796875), 'cpu_user_applications': datetime.timedelta(seconds=49497, microseconds=562500), 'cpu_system_applications': datetime.timedelta(seconds=35356, microseconds=984375), 'cpu_idle': datetime.timedelta(days=2, seconds=39701, microseconds=343750)}, 'total_memory_bytes': 8421691392, 'available_memory_bytes': 1938132992, 'percentage_memory_used': 77.0, 'used_memory_bytes': 6483558400, 'free_memory_bytes': 1938132992}
2026-01-15 08:01:04,155 - utilites.create_logger - INFO - System Health Details: {'cpu_usage': 23.9, 'cpu_usage_per_job': {'interrupt': datetime.timedelta(seconds=1853, microseconds=593750), 'dpc': datetime.timedelta(seconds=11010, microseconds=796875), 'cpu_user_applications': datetime.timedelta(seconds=49497, microseconds=562500), 'cpu_system_applications': datetime.timedelta(seconds=35356, microseconds=984375), 'cpu_idle': datetime.timedelta(days=2, seconds=39701, microseconds=343750)}, 'total_memory_bytes': 8421691392, 'available_memory_bytes': 1938132992, 'percentage_memory_used': 77.0, 'used_memory_bytes': 6483558400, 'free_memory_bytes': 1938132992}
2026-01-15 08:01:04,156 - utilites.create_logger - INFO - System health check completed successfully.
2026-01-15 08:01:04,156 - utilites.create_logger - INFO - System health check completed successfully.
2026-01-15 08:01:04,156 - utilites.create_logger - INFO - System health check completed successfully.
2026-01-15 08:01:04,156 - utilites.create_logger - INFO - System health check completed successfully.
2026-01-15 08:01:04,156 - utilites.create_logger - INFO - System health check completed successfully.
2026-01-15 08:01:04,156 - utilites.create_logger - INFO - System Health Details: {'cpu_usage': 23.9, 'cpu_usage_per_job': {'interrupt': datetime.timedelta(seconds=1853, microseconds=593750), 'dpc': datetime.timedelta(seconds=11010, microseconds=796875), 'cpu_user_applications': datetime.timedelta(seconds=49497, microseconds=562500), 'cpu_system_applications': datetime.timedelta(seconds=35356, microseconds=984375), 'cpu_idle': datetime.timedelta(days=2, seconds=39701, microseconds=343750)}, 'total_memory_bytes': 8421691392, 'available_memory_bytes': 1938132992, 'percentage_memory_used': 77.0, 'used_memory_bytes': 6483558400, 'free_memory_bytes': 1938132992}
2026-01-15 08:01:04,156 - utilites.create_logger - INFO - System Health Details: {'cpu_usage': 23.9, 'cpu_usage_per_job': {'interrupt': datetime.timedelta(seconds=1853, microseconds=593750), 'dpc': datetime.timedelta(seconds=11010, microseconds=796875), 'cpu_user_applications': datetime.timedelta(seconds=49497, microseconds=562500), 'cpu_system_applications': datetime.timedelta(seconds=35356, microseconds=984375), 'cpu_idle': datetime.timedelta(days=2, seconds=39701, microseconds=343750)}, 'total_memory_bytes': 8421691392, 'available_memory_bytes': 1938132992, 'percentage_memory_used': 77.0, 'used_memory_bytes': 6483558400, 'free_memory_bytes': 1938132992}
2026-01-15 08:01:04,156 - utilites.create_logger - INFO - System Health Details: {'cpu_usage': 23.9, 'cpu_usage_per_job': {'interrupt': datetime.timedelta(seconds=1853, microseconds=593750), 'dpc': datetime.timedelta(seconds=11010, microseconds=796875), 'cpu_user_applications': datetime.timedelta(seconds=49497, microseconds=562500), 'cpu_system_applications': datetime.timedelta(seconds=35356, microseconds=984375), 'cpu_idle': datetime.timedelta(days=2, seconds=39701, microseconds=343750)}, 'total_memory_bytes': 8421691392, 'available_memory_bytes': 1938132992, 'percentage_memory_used': 77.0, 'used_memory_bytes': 6483558400, 'free_memory_bytes': 1938132992}
2026-01-15 08:01:04,156 - utilites.create_logger - INFO - System Health Details: {'cpu_usage': 23.9, 'cpu_usage_per_job': {'interrupt': datetime.timedelta(seconds=1853, microseconds=593750), 'dpc': datetime.timedelta(seconds=11010, microseconds=796875), 'cpu_user_applications': datetime.timedelta(seconds=49497, microseconds=562500), 'cpu_system_applications': datetime.timedelta(seconds=35356, microseconds=984375), 'cpu_idle': datetime.timedelta(days=2, seconds=39701, microseconds=343750)}, 'total_memory_bytes': 8421691392, 'available_memory_bytes': 1938132992, 'percentage_memory_used': 77.0, 'used_memory_bytes': 6483558400, 'free_memory_bytes': 1938132992}
2026-01-15 08:01:04,156 - utilites.create_logger - INFO - System Health Details: {'cpu_usage': 23.9, 'cpu_usage_per_job': {'interrupt': datetime.timedelta(seconds=1853, microseconds=593750), 'dpc': datetime.timedelta(seconds=11010, microseconds=796875), 'cpu_user_applications': datetime.timedelta(seconds=49497, microseconds=562500), 'cpu_system_applications': datetime.timedelta(seconds=35356, microseconds=984375), 'cpu_idle': datetime.timedelta(days=2, seconds=39701, microseconds=343750)}, 'total_memory_bytes': 8421691392, 'available_memory_bytes': 1938132992, 'percentage_memory_used': 77.0, 'used_memory_bytes': 6483558400, 'free_memory_bytes': 1938132992}
2026-01-15 08:01:36,599 - utilites.create_logger - INFO - Starting system health check...
2026-01-15 08:01:37,600 - utilites.create_logger - INFO - CPU usage retrieved successfully: 18.3%
2026-01-15 08:01:37,600 - utilites.create_logger - INFO - CPU usage retrieved successfully: 18.3%
2026-01-15 08:01:37,600 - utilites.create_logger - INFO - CPU usage retrieved successfully: 18.3%
2026-01-15 08:01:37,602 - utilites.create_logger - INFO - CPU usage  in hours per job retrieved successfully  
: {'interrupt': datetime.timedelta(seconds=1855, microseconds=671875), 'dpc': datetime.timedelta(seconds=11019, microseconds=390625), 'cpu_user_applications': datetime.timedelta(seconds=49534, microseconds=500000), 'cpu_system_applications': datetime.timedelta(seconds=35382, microseconds=46875), 'cpu_idle': datetime.timedelta(days=2, seconds=39773, microseconds=156250)}
2026-01-15 08:01:37,602 - utilites.create_logger - INFO - CPU usage  in hours per job retrieved successfully  
: {'interrupt': datetime.timedelta(seconds=1855, microseconds=671875), 'dpc': datetime.timedelta(seconds=11019, microseconds=390625), 'cpu_user_applications': datetime.timedelta(seconds=49534, microseconds=500000), 'cpu_system_applications': datetime.timedelta(seconds=35382, microseconds=46875), 'cpu_idle': datetime.timedelta(days=2, seconds=39773, microseconds=156250)}
2026-01-15 08:01:37,602 - utilites.create_logger - INFO - CPU usage  in hours per job retrieved successfully  
: {'interrupt': datetime.timedelta(seconds=1855, microseconds=671875), 'dpc': datetime.timedelta(seconds=11019, microseconds=390625), 'cpu_user_applications': datetime.timedelta(seconds=49534, microseconds=500000), 'cpu_system_applications': datetime.timedelta(seconds=35382, microseconds=46875), 'cpu_idle': datetime.timedelta(days=2, seconds=39773, microseconds=156250)}
2026-01-15 08:01:37,602 - utilites.create_logger - INFO - CPU usage  in hours per job retrieved successfully  
: {'interrupt': datetime.timedelta(seconds=1855, microseconds=671875), 'dpc': datetime.timedelta(seconds=11019, microseconds=390625), 'cpu_user_applications': datetime.timedelta(seconds=49534, microseconds=500000), 'cpu_system_applications': datetime.timedelta(seconds=35382, microseconds=46875), 'cpu_idle': datetime.timedelta(days=2, seconds=39773, microseconds=156250)}
2026-01-15 08:01:37,610 - utilites.create_logger - INFO - Memory usage retrieved successfully: 
 	 	 	svmem(total=8421691392, available=1847336960, percent=78.1, used=6574354432, free=1847336960)
2026-01-15 08:01:37,610 - utilites.create_logger - INFO - Memory usage retrieved successfully: 
 	 	 	svmem(total=8421691392, available=1847336960, percent=78.1, used=6574354432, free=1847336960)
2026-01-15 08:01:37,610 - utilites.create_logger - INFO - Memory usage retrieved successfully: 
 	 	 	svmem(total=8421691392, available=1847336960, percent=78.1, used=6574354432, free=1847336960)
2026-01-15 08:01:37,610 - utilites.create_logger - INFO - Memory usage retrieved successfully: 
 	 	 	svmem(total=8421691392, available=1847336960, percent=78.1, used=6574354432, free=1847336960)
2026-01-15 08:01:37,610 - utilites.create_logger - INFO - Memory usage retrieved successfully: 
 	 	 	svmem(total=8421691392, available=1847336960, percent=78.1, used=6574354432, free=1847336960)
2026-01-15 08:01:37,611 - utilites.create_logger - INFO - System health check completed successfully.
2026-01-15 08:01:37,611 - utilites.create_logger - INFO - System health check completed successfully.
2026-01-15 08:01:37,611 - utilites.create_logger - INFO - System health check completed successfully.
2026-01-15 08:01:37,611 - utilites.create_logger - INFO - System health check completed successfully.
2026-01-15 08:01:37,611 - utilites.create_logger - INFO - System health check completed successfully.
2026-01-15 08:01:37,611 - utilites.create_logger - INFO - System Health Details: {'cpu_usage': 18.3, 'cpu_usage_per_job': {'interrupt': datetime.timedelta(seconds=1855, microseconds=671875), 'dpc': datetime.timedelta(seconds=11019, microseconds=390625), 'cpu_user_applications': datetime.timedelta(seconds=49534, microseconds=500000), 'cpu_system_applications': datetime.timedelta(seconds=35382, microseconds=46875), 'cpu_idle': datetime.timedelta(days=2, seconds=39773, microseconds=156250)}, 'total_memory_bytes': 8421691392, 'available_memory_bytes': 1847336960, 'percentage_memory_used': 78.1, 'used_memory_bytes': 6574354432, 'free_memory_bytes': 1847336960}
2026-01-15 08:01:37,611 - utilites.create_logger - INFO - System Health Details: {'cpu_usage': 18.3, 'cpu_usage_per_job': {'interrupt': datetime.timedelta(seconds=1855, microseconds=671875), 'dpc': datetime.timedelta(seconds=11019, microseconds=390625), 'cpu_user_applications': datetime.timedelta(seconds=49534, microseconds=500000), 'cpu_system_applications': datetime.timedelta(seconds=35382, microseconds=46875), 'cpu_idle': datetime.timedelta(days=2, seconds=39773, microseconds=156250)}, 'total_memory_bytes': 8421691392, 'available_memory_bytes': 1847336960, 'percentage_memory_used': 78.1, 'used_memory_bytes': 6574354432, 'free_memory_bytes': 1847336960}
2026-01-15 08:01:37,611 - utilites.create_logger - INFO - System Health Details: {'cpu_usage': 18.3, 'cpu_usage_per_job': {'interrupt': datetime.timedelta(seconds=1855, microseconds=671875), 'dpc': datetime.timedelta(seconds=11019, microseconds=390625), 'cpu_user_applications': datetime.timedelta(seconds=49534, microseconds=500000), 'cpu_system_applications': datetime.timedelta(seconds=35382, microseconds=46875), 'cpu_idle': datetime.timedelta(days=2, seconds=39773, microseconds=156250)}, 'total_memory_bytes': 8421691392, 'available_memory_bytes': 1847336960, 'percentage_memory_used': 78.1, 'used_memory_bytes': 6574354432, 'free_memory_bytes': 1847336960}
2026-01-15 08:01:37,611 - utilites.create_logger - INFO - System Health Details: {'cpu_usage': 18.3, 'cpu_usage_per_job': {'interrupt': datetime.timedelta(seconds=1855, microseconds=671875), 'dpc': datetime.timedelta(seconds=11019, microseconds=390625), 'cpu_user_applications': datetime.timedelta(seconds=49534, microseconds=500000), 'cpu_system_applications': datetime.timedelta(seconds=35382, microseconds=46875), 'cpu_idle': datetime.timedelta(days=2, seconds=39773, microseconds=156250)}, 'total_memory_bytes': 8421691392, 'available_memory_bytes': 1847336960, 'percentage_memory_used': 78.1, 'used_memory_bytes': 6574354432, 'free_memory_bytes': 1847336960}
2026-01-15 08:01:37,611 - utilites.create_logger - INFO - System Health Details: {'cpu_usage': 18.3, 'cpu_usage_per_job': {'interrupt': datetime.timedelta(seconds=1855, microseconds=671875), 'dpc': datetime.timedelta(seconds=11019, microseconds=390625), 'cpu_user_applications': datetime.timedelta(seconds=49534, microseconds=500000), 'cpu_system_applications': datetime.timedelta(seconds=35382, microseconds=46875), 'cpu_idle': datetime.timedelta(days=2, seconds=39773, microseconds=156250)}, 'total_memory_bytes': 8421691392, 'available_memory_bytes': 1847336960, 'percentage_memory_used': 78.1, 'used_memory_bytes': 6574354432, 'free_memory_bytes': 1847336960}
2026-01-15 08:01:37,612 - utilites.create_logger - INFO - System health check completed successfully.
2026-01-15 08:01:37,612 - utilites.create_logger - INFO - System health check completed successfully.
2026-01-15 08:01:37,612 - utilites.create_logger - INFO - System health check completed successfully.
2026-01-15 08:01:37,612 - utilites.create_logger - INFO - System health check completed successfully.
2026-01-15 08:01:37,612 - utilites.create_logger - INFO - System health check completed successfully.
2026-01-15 08:01:37,613 - utilites.create_logger - INFO - System Health Details: {'cpu_usage': 18.3, 'cpu_usage_per_job': {'interrupt': datetime.timedelta(seconds=1855, microseconds=671875), 'dpc': datetime.timedelta(seconds=11019, microseconds=390625), 'cpu_user_applications': datetime.timedelta(seconds=49534, microseconds=500000), 'cpu_system_applications': datetime.timedelta(seconds=35382, microseconds=46875), 'cpu_idle': datetime.timedelta(days=2, seconds=39773, microseconds=156250)}, 'total_memory_bytes': 8421691392, 'available_memory_bytes': 1847336960, 'percentage_memory_used': 78.1, 'used_memory_bytes': 6574354432, 'free_memory_bytes': 1847336960}
2026-01-15 08:01:37,613 - utilites.create_logger - INFO - System Health Details: {'cpu_usage': 18.3, 'cpu_usage_per_job': {'interrupt': datetime.timedelta(seconds=1855, microseconds=671875), 'dpc': datetime.timedelta(seconds=11019, microseconds=390625), 'cpu_user_applications': datetime.timedelta(seconds=49534, microseconds=500000), 'cpu_system_applications': datetime.timedelta(seconds=35382, microseconds=46875), 'cpu_idle': datetime.timedelta(days=2, seconds=39773, microseconds=156250)}, 'total_memory_bytes': 8421691392, 'available_memory_bytes': 1847336960, 'percentage_memory_used': 78.1, 'used_memory_bytes': 6574354432, 'free_memory_bytes': 1847336960}
2026-01-15 08:01:37,613 - utilites.create_logger - INFO - System Health Details: {'cpu_usage': 18.3, 'cpu_usage_per_job': {'interrupt': datetime.timedelta(seconds=1855, microseconds=671875), 'dpc': datetime.timedelta(seconds=11019, microseconds=390625), 'cpu_user_applications': datetime.timedelta(seconds=49534, microseconds=500000), 'cpu_system_applications': datetime.timedelta(seconds=35382, microseconds=46875), 'cpu_idle': datetime.timedelta(days=2, seconds=39773, microseconds=156250)}, 'total_memory_bytes': 8421691392, 'available_memory_bytes': 1847336960, 'percentage_memory_used': 78.1, 'used_memory_bytes': 6574354432, 'free_memory_bytes': 1847336960}
2026-01-15 08:01:37,613 - utilites.create_logger - INFO - System Health Details: {'cpu_usage': 18.3, 'cpu_usage_per_job': {'interrupt': datetime.timedelta(seconds=1855, microseconds=671875), 'dpc': datetime.timedelta(seconds=11019, microseconds=390625), 'cpu_user_applications': datetime.timedelta(seconds=49534, microseconds=500000), 'cpu_system_applications': datetime.timedelta(seconds=35382, microseconds=46875), 'cpu_idle': datetime.timedelta(days=2, seconds=39773, microseconds=156250)}, 'total_memory_bytes': 8421691392, 'available_memory_bytes': 1847336960, 'percentage_memory_used': 78.1, 'used_memory_bytes': 6574354432, 'free_memory_bytes': 1847336960}
2026-01-15 08:01:37,613 - utilites.create_logger - INFO - System Health Details: {'cpu_usage': 18.3, 'cpu_usage_per_job': {'interrupt': datetime.timedelta(seconds=1855, microseconds=671875), 'dpc': datetime.timedelta(seconds=11019, microseconds=390625), 'cpu_user_applications': datetime.timedelta(seconds=49534, microseconds=500000), 'cpu_system_applications': datetime.timedelta(seconds=35382, microseconds=46875), 'cpu_idle': datetime.timedelta(days=2, seconds=39773, microseconds=156250)}, 'total_memory_bytes': 8421691392, 'available_memory_bytes': 1847336960, 'percentage_memory_used': 78.1, 'used_memory_bytes': 6574354432, 'free_memory_bytes': 1847336960}
